[INFO] Scanning for projects...
[INFO] 
[INFO] ------------------------< com.rtt:api-gateway >-------------------------
[INFO] Building api-gateway 1.0.0-SNAPSHOT
[INFO]   from pom.xml
[INFO] --------------------------------[ jar ]---------------------------------
[INFO] 
[INFO] >>> spring-boot:3.3.4:run (default-cli) > test-compile @ api-gateway >>>
[INFO] 
[INFO] --- resources:3.3.1:resources (default-resources) @ api-gateway ---
[WARNING] Using platform encoding (UTF-8 actually) to copy filtered resources, i.e. build is platform dependent!
[INFO] Copying 1 resource from src/main/resources to target/classes
[INFO] 
[INFO] --- compiler:3.13.0:compile (default-compile) @ api-gateway ---
[INFO] Nothing to compile - all classes are up to date.
[INFO] 
[INFO] --- resources:3.3.1:testResources (default-testResources) @ api-gateway ---
[WARNING] Using platform encoding (UTF-8 actually) to copy filtered resources, i.e. build is platform dependent!
[INFO] skip non existing resourceDirectory /Users/raghavjha/Desktop/PROJECT/CAR_BOOKING/server/api-gateway/src/test/resources
[INFO] 
[INFO] --- compiler:3.13.0:testCompile (default-testCompile) @ api-gateway ---
[INFO] No sources to compile
[INFO] 
[INFO] <<< spring-boot:3.3.4:run (default-cli) < test-compile @ api-gateway <<<
[INFO] 
[INFO] 
[INFO] --- spring-boot:3.3.4:run (default-cli) @ api-gateway ---
[INFO] Attaching agents: []

  .   ____          _            __ _ _
 /\\ / ___'_ __ _ _(_)_ __  __ _ \ \ \ \
( ( )\___ | '_ | '_| | '_ \/ _` | \ \ \ \
 \\/  ___)| |_)| | | | | || (_| |  ) ) ) )
  '  |____| .__|_| |_|_| |_\__, | / / / /
 =========|_|==============|___/=/_/_/_/

 :: Spring Boot ::                (v3.3.4)

2025-12-25T01:37:58.895+05:30  INFO 72203 --- [           main] c.r.luxurycar.api.LuxuryCarApplication   : Starting LuxuryCarApplication using Java 17.0.17 with PID 72203 (/Users/raghavjha/Desktop/PROJECT/CAR_BOOKING/server/api-gateway/target/classes started by raghavjha in /Users/raghavjha/Desktop/PROJECT/CAR_BOOKING/server/api-gateway)
2025-12-25T01:37:58.897+05:30  INFO 72203 --- [           main] c.r.luxurycar.api.LuxuryCarApplication   : The following 1 profile is active: "local"
2025-12-25T01:37:59.211+05:30  INFO 72203 --- [           main] .s.d.r.c.RepositoryConfigurationDelegate : Bootstrapping Spring Data JPA repositories in DEFAULT mode.
2025-12-25T01:37:59.241+05:30  INFO 72203 --- [           main] .s.d.r.c.RepositoryConfigurationDelegate : Finished Spring Data repository scanning in 25 ms. Found 3 JPA repository interfaces.
2025-12-25T01:37:59.687+05:30  INFO 72203 --- [           main] o.s.b.w.embedded.tomcat.TomcatWebServer  : Tomcat initialized with port 8080 (http)
2025-12-25T01:37:59.693+05:30  INFO 72203 --- [           main] o.apache.catalina.core.StandardService   : Starting service [Tomcat]
2025-12-25T01:37:59.693+05:30  INFO 72203 --- [           main] o.apache.catalina.core.StandardEngine    : Starting Servlet engine: [Apache Tomcat/10.1.30]
2025-12-25T01:37:59.729+05:30  INFO 72203 --- [           main] o.a.c.c.C.[Tomcat].[localhost].[/]       : Initializing Spring embedded WebApplicationContext
2025-12-25T01:37:59.730+05:30  INFO 72203 --- [           main] w.s.c.ServletWebServerApplicationContext : Root WebApplicationContext: initialization completed in 798 ms
2025-12-25T01:37:59.794+05:30  INFO 72203 --- [           main] o.hibernate.jpa.internal.util.LogHelper  : HHH000204: Processing PersistenceUnitInfo [name: default]
2025-12-25T01:37:59.821+05:30  INFO 72203 --- [           main] org.hibernate.Version                    : HHH000412: Hibernate ORM core version 6.5.3.Final
2025-12-25T01:37:59.834+05:30  INFO 72203 --- [           main] o.h.c.internal.RegionFactoryInitiator    : HHH000026: Second-level cache disabled
2025-12-25T01:37:59.956+05:30  INFO 72203 --- [           main] o.s.o.j.p.SpringPersistenceUnitInfo      : No LoadTimeWeaver setup: ignoring JPA class transformer
2025-12-25T01:37:59.967+05:30  INFO 72203 --- [           main] com.zaxxer.hikari.HikariDataSource       : HikariPool-1 - Starting...
2025-12-25T01:38:00.011+05:30  INFO 72203 --- [           main] com.zaxxer.hikari.pool.HikariPool        : HikariPool-1 - Added connection org.postgresql.jdbc.PgConnection@4948daec
2025-12-25T01:38:00.011+05:30  INFO 72203 --- [           main] com.zaxxer.hikari.HikariDataSource       : HikariPool-1 - Start completed.
2025-12-25T01:38:00.022+05:30  WARN 72203 --- [           main] org.hibernate.orm.deprecation            : HHH90000025: PostgreSQLDialect does not need to be specified explicitly using 'hibernate.dialect' (remove the property setting and it will be selected by default)
2025-12-25T01:38:00.398+05:30  INFO 72203 --- [           main] o.h.e.t.j.p.i.JtaPlatformInitiator       : HHH000489: No JTA platform available (set 'hibernate.transaction.jta.platform' to enable JTA platform integration)
2025-12-25T01:38:00.433+05:30  INFO 72203 --- [           main] j.LocalContainerEntityManagerFactoryBean : Initialized JPA EntityManagerFactory for persistence unit 'default'
2025-12-25T01:38:00.575+05:30  WARN 72203 --- [           main] JpaBaseConfiguration$JpaWebConfiguration : spring.jpa.open-in-view is enabled by default. Therefore, database queries may be performed during view rendering. Explicitly configure spring.jpa.open-in-view to disable this warning
2025-12-25T01:38:00.585+05:30  INFO 72203 --- [           main] r$InitializeUserDetailsManagerConfigurer : Global AuthenticationManager configured with UserDetailsService bean with name userDetailsService
2025-12-25T01:38:00.733+05:30  INFO 72203 --- [           main] o.s.b.w.embedded.tomcat.TomcatWebServer  : Tomcat started on port 8080 (http) with context path '/'
2025-12-25T01:38:00.737+05:30  INFO 72203 --- [           main] c.r.luxurycar.api.LuxuryCarApplication   : Started LuxuryCarApplication in 2.083 seconds (process running for 2.241)
2025-12-25T01:38:05.126+05:30  INFO 72203 --- [nio-8080-exec-2] o.a.c.c.C.[Tomcat].[localhost].[/]       : Initializing Spring DispatcherServlet 'dispatcherServlet'
2025-12-25T01:38:05.126+05:30  INFO 72203 --- [nio-8080-exec-2] o.s.web.servlet.DispatcherServlet        : Initializing Servlet 'dispatcherServlet'
2025-12-25T01:38:05.127+05:30  INFO 72203 --- [nio-8080-exec-2] o.s.web.servlet.DispatcherServlet        : Completed initialization in 1 ms
Hibernate: 
    select
        u1_0.id,
        u1_0.city,
        u1_0.created_at,
        u1_0.email,
        u1_0.name,
        u1_0.password_hash,
        u1_0.role,
        u1_0.updated_at 
    from
        users u1_0 
    where
        u1_0.id=?
Hibernate: 
    select
        u1_0.id,
        u1_0.city,
        u1_0.created_at,
        u1_0.email,
        u1_0.name,
        u1_0.password_hash,
        u1_0.role,
        u1_0.updated_at 
    from
        users u1_0 
    where
        u1_0.id=?
Hibernate: 
    select
        u1_0.id,
        u1_0.city,
        u1_0.created_at,
        u1_0.email,
        u1_0.name,
        u1_0.password_hash,
        u1_0.role,
        u1_0.updated_at 
    from
        users u1_0 
    where
        u1_0.id=?
Hibernate: 
    select
        u1_0.id,
        u1_0.city,
        u1_0.created_at,
        u1_0.email,
        u1_0.name,
        u1_0.password_hash,
        u1_0.role,
        u1_0.updated_at 
    from
        users u1_0 
    where
        u1_0.id=?
Hibernate: 
    select
        u1_0.id,
        u1_0.city,
        u1_0.created_at,
        u1_0.email,
        u1_0.name,
        u1_0.password_hash,
        u1_0.role,
        u1_0.updated_at 
    from
        users u1_0 
    where
        u1_0.id=?
Hibernate: 
    select
        u1_0.id,
        u1_0.city,
        u1_0.created_at,
        u1_0.email,
        u1_0.name,
        u1_0.password_hash,
        u1_0.role,
        u1_0.updated_at 
    from
        users u1_0 
    where
        u1_0.id=?
Hibernate: 
    select
        u1_0.id,
        u1_0.city,
        u1_0.created_at,
        u1_0.email,
        u1_0.name,
        u1_0.password_hash,
        u1_0.role,
        u1_0.updated_at 
    from
        users u1_0 
    where
        u1_0.id=?
2025-12-25T01:52:11.992+05:30  WARN 72203 --- [l-1 housekeeper] com.zaxxer.hikari.pool.HikariPool        : HikariPool-1 - Thread starvation or clock leap detected (housekeeper delta=8m11s832ms).
2025-12-25T02:30:24.582+05:30  WARN 72203 --- [l-1 housekeeper] com.zaxxer.hikari.pool.HikariPool        : HikariPool-1 - Thread starvation or clock leap detected (housekeeper delta=38m12s592ms).
2025-12-25T03:38:41.671+05:30  WARN 72203 --- [l-1 housekeeper] com.zaxxer.hikari.pool.HikariPool        : HikariPool-1 - Thread starvation or clock leap detected (housekeeper delta=1h8m17s89ms).
2025-12-25T05:14:26.378+05:30  WARN 72203 --- [l-1 housekeeper] com.zaxxer.hikari.pool.HikariPool        : HikariPool-1 - Thread starvation or clock leap detected (housekeeper delta=1h35m44s707ms).
2025-12-25T06:37:17.859+05:30  WARN 72203 --- [l-1 housekeeper] com.zaxxer.hikari.pool.HikariPool        : HikariPool-1 - Thread starvation or clock leap detected (housekeeper delta=1h22m51s481ms).
2025-12-25T08:02:21.904+05:30  WARN 72203 --- [l-1 housekeeper] com.zaxxer.hikari.pool.HikariPool        : HikariPool-1 - Thread starvation or clock leap detected (housekeeper delta=1h25m4s45ms).
2025-12-25T09:39:00.627+05:30  WARN 72203 --- [l-1 housekeeper] com.zaxxer.hikari.pool.HikariPool        : HikariPool-1 - Thread starvation or clock leap detected (housekeeper delta=1h36m38s723ms).
2025-12-25T09:56:14.392+05:30  WARN 72203 --- [l-1 housekeeper] com.zaxxer.hikari.pool.HikariPool        : HikariPool-1 - Thread starvation or clock leap detected (housekeeper delta=17m13s764ms).
2025-12-25T09:56:28.703+05:30  INFO 72203 --- [ionShutdownHook] j.LocalContainerEntityManagerFactoryBean : Closing JPA EntityManagerFactory for persistence unit 'default'
2025-12-25T09:56:28.705+05:30  INFO 72203 --- [ionShutdownHook] com.zaxxer.hikari.HikariDataSource       : HikariPool-1 - Shutdown initiated...
2025-12-25T09:56:28.707+05:30  INFO 72203 --- [ionShutdownHook] com.zaxxer.hikari.HikariDataSource       : HikariPool-1 - Shutdown completed.
