[INFO] Scanning for projects...
[INFO] 
[INFO] ------------------------< com.rtt:auth-service >------------------------
[INFO] Building auth-service 1.0.0-SNAPSHOT
[INFO]   from pom.xml
[INFO] --------------------------------[ jar ]---------------------------------
[INFO] 
[INFO] >>> spring-boot:3.3.4:run (default-cli) > test-compile @ auth-service >>>
[INFO] 
[INFO] --- resources:3.3.1:resources (default-resources) @ auth-service ---
[WARNING] Using platform encoding (UTF-8 actually) to copy filtered resources, i.e. build is platform dependent!
[INFO] Copying 1 resource from src/main/resources to target/classes
[INFO] 
[INFO] --- compiler:3.13.0:compile (default-compile) @ auth-service ---
[INFO] Nothing to compile - all classes are up to date.
[INFO] 
[INFO] --- resources:3.3.1:testResources (default-testResources) @ auth-service ---
[WARNING] Using platform encoding (UTF-8 actually) to copy filtered resources, i.e. build is platform dependent!
[INFO] skip non existing resourceDirectory /Users/raghavjha/Desktop/PROJECT/CAR_BOOKING/server/auth-service/src/test/resources
[INFO] 
[INFO] --- compiler:3.13.0:testCompile (default-testCompile) @ auth-service ---
[INFO] No sources to compile
[INFO] 
[INFO] <<< spring-boot:3.3.4:run (default-cli) < test-compile @ auth-service <<<
[INFO] 
[INFO] 
[INFO] --- spring-boot:3.3.4:run (default-cli) @ auth-service ---
[INFO] Attaching agents: []

  .   ____          _            __ _ _
 /\\ / ___'_ __ _ _(_)_ __  __ _ \ \ \ \
( ( )\___ | '_ | '_| | '_ \/ _` | \ \ \ \
 \\/  ___)| |_)| | | | | || (_| |  ) ) ) )
  '  |____| .__|_| |_|_| |_\__, | / / / /
 =========|_|==============|___/=/_/_/_/

 :: Spring Boot ::                (v3.3.4)

2025-12-25T01:37:58.516+05:30  INFO 72199 --- [auth-service] [           main] com.rtt.luxurycar.auth.AuthApplication   : Starting AuthApplication using Java 17.0.17 with PID 72199 (/Users/raghavjha/Desktop/PROJECT/CAR_BOOKING/server/auth-service/target/classes started by raghavjha in /Users/raghavjha/Desktop/PROJECT/CAR_BOOKING/server/auth-service)
2025-12-25T01:37:58.516+05:30 DEBUG 72199 --- [auth-service] [           main] com.rtt.luxurycar.auth.AuthApplication   : Running with Spring Boot v3.3.4, Spring v6.1.13
2025-12-25T01:37:58.516+05:30  INFO 72199 --- [auth-service] [           main] com.rtt.luxurycar.auth.AuthApplication   : The following 1 profile is active: "local"
2025-12-25T01:37:58.967+05:30  INFO 72199 --- [auth-service] [           main] .s.d.r.c.RepositoryConfigurationDelegate : Bootstrapping Spring Data JPA repositories in DEFAULT mode.
2025-12-25T01:37:59.018+05:30  INFO 72199 --- [auth-service] [           main] .s.d.r.c.RepositoryConfigurationDelegate : Finished Spring Data repository scanning in 47 ms. Found 2 JPA repository interfaces.
2025-12-25T01:37:59.286+05:30  INFO 72199 --- [auth-service] [           main] o.s.b.w.embedded.tomcat.TomcatWebServer  : Tomcat initialized with port 8081 (http)
2025-12-25T01:37:59.298+05:30  INFO 72199 --- [auth-service] [           main] o.apache.catalina.core.StandardService   : Starting service [Tomcat]
2025-12-25T01:37:59.299+05:30  INFO 72199 --- [auth-service] [           main] o.apache.catalina.core.StandardEngine    : Starting Servlet engine: [Apache Tomcat/10.1.30]
2025-12-25T01:37:59.318+05:30  INFO 72199 --- [auth-service] [           main] o.a.c.c.C.[Tomcat].[localhost].[/]       : Initializing Spring embedded WebApplicationContext
2025-12-25T01:37:59.318+05:30  INFO 72199 --- [auth-service] [           main] w.s.c.ServletWebServerApplicationContext : Root WebApplicationContext: initialization completed in 757 ms
2025-12-25T01:37:59.396+05:30  INFO 72199 --- [auth-service] [           main] o.hibernate.jpa.internal.util.LogHelper  : HHH000204: Processing PersistenceUnitInfo [name: default]
2025-12-25T01:37:59.416+05:30  INFO 72199 --- [auth-service] [           main] org.hibernate.Version                    : HHH000412: Hibernate ORM core version 6.5.3.Final
2025-12-25T01:37:59.429+05:30  INFO 72199 --- [auth-service] [           main] o.h.c.internal.RegionFactoryInitiator    : HHH000026: Second-level cache disabled
2025-12-25T01:37:59.647+05:30  INFO 72199 --- [auth-service] [           main] o.s.o.j.p.SpringPersistenceUnitInfo      : No LoadTimeWeaver setup: ignoring JPA class transformer
2025-12-25T01:37:59.661+05:30  INFO 72199 --- [auth-service] [           main] com.zaxxer.hikari.HikariDataSource       : HikariPool-1 - Starting...
2025-12-25T01:37:59.717+05:30  INFO 72199 --- [auth-service] [           main] com.zaxxer.hikari.pool.HikariPool        : HikariPool-1 - Added connection org.postgresql.jdbc.PgConnection@5c9e8a67
2025-12-25T01:37:59.718+05:30  INFO 72199 --- [auth-service] [           main] com.zaxxer.hikari.HikariDataSource       : HikariPool-1 - Start completed.
2025-12-25T01:37:59.736+05:30  WARN 72199 --- [auth-service] [           main] org.hibernate.orm.deprecation            : HHH90000025: PostgreSQLDialect does not need to be specified explicitly using 'hibernate.dialect' (remove the property setting and it will be selected by default)
2025-12-25T01:38:00.103+05:30  INFO 72199 --- [auth-service] [           main] o.h.e.t.j.p.i.JtaPlatformInitiator       : HHH000489: No JTA platform available (set 'hibernate.transaction.jta.platform' to enable JTA platform integration)
2025-12-25T01:38:00.144+05:30  INFO 72199 --- [auth-service] [           main] j.LocalContainerEntityManagerFactoryBean : Initialized JPA EntityManagerFactory for persistence unit 'default'
2025-12-25T01:38:00.303+05:30  WARN 72199 --- [auth-service] [           main] JpaBaseConfiguration$JpaWebConfiguration : spring.jpa.open-in-view is enabled by default. Therefore, database queries may be performed during view rendering. Explicitly configure spring.jpa.open-in-view to disable this warning
2025-12-25T01:38:00.313+05:30  WARN 72199 --- [auth-service] [           main] .s.s.UserDetailsServiceAutoConfiguration : 

Using generated security password: cfbfb12d-8ed4-4734-8d83-f83830da4862

This generated password is for development use only. Your security configuration must be updated before running your application in production.

2025-12-25T01:38:00.315+05:30  INFO 72199 --- [auth-service] [           main] r$InitializeUserDetailsManagerConfigurer : Global AuthenticationManager configured with UserDetailsService bean with name inMemoryUserDetailsManager
2025-12-25T01:38:00.477+05:30  INFO 72199 --- [auth-service] [           main] o.s.b.w.embedded.tomcat.TomcatWebServer  : Tomcat started on port 8081 (http) with context path '/'
2025-12-25T01:38:00.480+05:30  INFO 72199 --- [auth-service] [           main] com.rtt.luxurycar.auth.AuthApplication   : Started AuthApplication in 2.227 seconds (process running for 2.379)
2025-12-25T01:52:11.714+05:30  WARN 72199 --- [auth-service] [l-1 housekeeper] com.zaxxer.hikari.pool.HikariPool        : HikariPool-1 - Thread starvation or clock leap detected (housekeeper delta=8m11s832ms).
2025-12-25T02:30:24.304+05:30  WARN 72199 --- [auth-service] [l-1 housekeeper] com.zaxxer.hikari.pool.HikariPool        : HikariPool-1 - Thread starvation or clock leap detected (housekeeper delta=38m12s600ms).
2025-12-25T03:38:41.391+05:30  WARN 72199 --- [auth-service] [l-1 housekeeper] com.zaxxer.hikari.pool.HikariPool        : HikariPool-1 - Thread starvation or clock leap detected (housekeeper delta=1h8m17s87ms).
2025-12-25T05:14:26.098+05:30  WARN 72199 --- [auth-service] [l-1 housekeeper] com.zaxxer.hikari.pool.HikariPool        : HikariPool-1 - Thread starvation or clock leap detected (housekeeper delta=1h35m44s707ms).
2025-12-25T06:37:17.583+05:30  WARN 72199 --- [auth-service] [l-1 housekeeper] com.zaxxer.hikari.pool.HikariPool        : HikariPool-1 - Thread starvation or clock leap detected (housekeeper delta=1h22m51s485ms).
2025-12-25T08:02:21.632+05:30  WARN 72199 --- [auth-service] [l-1 housekeeper] com.zaxxer.hikari.pool.HikariPool        : HikariPool-1 - Thread starvation or clock leap detected (housekeeper delta=1h25m4s49ms).
2025-12-25T09:39:00.350+05:30  WARN 72199 --- [auth-service] [l-1 housekeeper] com.zaxxer.hikari.pool.HikariPool        : HikariPool-1 - Thread starvation or clock leap detected (housekeeper delta=1h36m38s718ms).
2025-12-25T09:56:14.106+05:30  WARN 72199 --- [auth-service] [l-1 housekeeper] com.zaxxer.hikari.pool.HikariPool        : HikariPool-1 - Thread starvation or clock leap detected (housekeeper delta=17m13s756ms).
2025-12-25T09:56:28.684+05:30  INFO 72199 --- [auth-service] [ionShutdownHook] j.LocalContainerEntityManagerFactoryBean : Closing JPA EntityManagerFactory for persistence unit 'default'
2025-12-25T09:56:28.686+05:30  INFO 72199 --- [auth-service] [ionShutdownHook] com.zaxxer.hikari.HikariDataSource       : HikariPool-1 - Shutdown initiated...
2025-12-25T09:56:28.688+05:30  INFO 72199 --- [auth-service] [ionShutdownHook] com.zaxxer.hikari.HikariDataSource       : HikariPool-1 - Shutdown completed.
