[INFO] Scanning for projects...
[INFO] 
[INFO] ------------------------< com.rtt:car-service >-------------------------
[INFO] Building car-service 1.0.0-SNAPSHOT
[INFO]   from pom.xml
[INFO] --------------------------------[ jar ]---------------------------------
[INFO] 
[INFO] >>> spring-boot:3.3.4:run (default-cli) > test-compile @ car-service >>>
[INFO] 
[INFO] --- resources:3.3.1:resources (default-resources) @ car-service ---
[WARNING] Using platform encoding (UTF-8 actually) to copy filtered resources, i.e. build is platform dependent!
[INFO] Copying 1 resource from src/main/resources to target/classes
[INFO] 
[INFO] --- compiler:3.13.0:compile (default-compile) @ car-service ---
[INFO] Nothing to compile - all classes are up to date.
[INFO] 
[INFO] --- resources:3.3.1:testResources (default-testResources) @ car-service ---
[WARNING] Using platform encoding (UTF-8 actually) to copy filtered resources, i.e. build is platform dependent!
[INFO] skip non existing resourceDirectory /Users/raghavjha/Desktop/PROJECT/CAR_BOOKING/server/car-service/src/test/resources
[INFO] 
[INFO] --- compiler:3.13.0:testCompile (default-testCompile) @ car-service ---
[INFO] No sources to compile
[INFO] 
[INFO] <<< spring-boot:3.3.4:run (default-cli) < test-compile @ car-service <<<
[INFO] 
[INFO] 
[INFO] --- spring-boot:3.3.4:run (default-cli) @ car-service ---
[INFO] Attaching agents: []

  .   ____          _            __ _ _
 /\\ / ___'_ __ _ _(_)_ __  __ _ \ \ \ \
( ( )\___ | '_ | '_| | '_ \/ _` | \ \ \ \
 \\/  ___)| |_)| | | | | || (_| |  ) ) ) )
  '  |____| .__|_| |_|_| |_\__, | / / / /
 =========|_|==============|___/=/_/_/_/

 :: Spring Boot ::                (v3.3.4)

2025-12-25T01:37:58.643+05:30  INFO 72201 --- [car-service] [           main] com.rtt.luxurycar.car.CarApplication     : Starting CarApplication using Java 17.0.17 with PID 72201 (/Users/raghavjha/Desktop/PROJECT/CAR_BOOKING/server/car-service/target/classes started by raghavjha in /Users/raghavjha/Desktop/PROJECT/CAR_BOOKING/server/car-service)
2025-12-25T01:37:58.644+05:30 DEBUG 72201 --- [car-service] [           main] com.rtt.luxurycar.car.CarApplication     : Running with Spring Boot v3.3.4, Spring v6.1.13
2025-12-25T01:37:58.644+05:30  INFO 72201 --- [car-service] [           main] com.rtt.luxurycar.car.CarApplication     : The following 1 profile is active: "local"
2025-12-25T01:37:59.137+05:30  INFO 72201 --- [car-service] [           main] .s.d.r.c.RepositoryConfigurationDelegate : Bootstrapping Spring Data JPA repositories in DEFAULT mode.
2025-12-25T01:37:59.167+05:30  INFO 72201 --- [car-service] [           main] .s.d.r.c.RepositoryConfigurationDelegate : Finished Spring Data repository scanning in 23 ms. Found 1 JPA repository interface.
2025-12-25T01:37:59.388+05:30  INFO 72201 --- [car-service] [           main] o.s.b.w.embedded.tomcat.TomcatWebServer  : Tomcat initialized with port 8083 (http)
2025-12-25T01:37:59.392+05:30  INFO 72201 --- [car-service] [           main] o.apache.catalina.core.StandardService   : Starting service [Tomcat]
2025-12-25T01:37:59.392+05:30  INFO 72201 --- [car-service] [           main] o.apache.catalina.core.StandardEngine    : Starting Servlet engine: [Apache Tomcat/10.1.30]
2025-12-25T01:37:59.416+05:30  INFO 72201 --- [car-service] [           main] o.a.c.c.C.[Tomcat].[localhost].[/]       : Initializing Spring embedded WebApplicationContext
2025-12-25T01:37:59.416+05:30  INFO 72201 --- [car-service] [           main] w.s.c.ServletWebServerApplicationContext : Root WebApplicationContext: initialization completed in 742 ms
2025-12-25T01:37:59.500+05:30  INFO 72201 --- [car-service] [           main] o.hibernate.jpa.internal.util.LogHelper  : HHH000204: Processing PersistenceUnitInfo [name: default]
2025-12-25T01:37:59.531+05:30  INFO 72201 --- [car-service] [           main] org.hibernate.Version                    : HHH000412: Hibernate ORM core version 6.5.3.Final
2025-12-25T01:37:59.553+05:30  INFO 72201 --- [car-service] [           main] o.h.c.internal.RegionFactoryInitiator    : HHH000026: Second-level cache disabled
2025-12-25T01:37:59.700+05:30  INFO 72201 --- [car-service] [           main] o.s.o.j.p.SpringPersistenceUnitInfo      : No LoadTimeWeaver setup: ignoring JPA class transformer
2025-12-25T01:37:59.711+05:30  INFO 72201 --- [car-service] [           main] com.zaxxer.hikari.HikariDataSource       : HikariPool-1 - Starting...
2025-12-25T01:37:59.758+05:30  INFO 72201 --- [car-service] [           main] com.zaxxer.hikari.pool.HikariPool        : HikariPool-1 - Added connection org.postgresql.jdbc.PgConnection@1b409a79
2025-12-25T01:37:59.759+05:30  INFO 72201 --- [car-service] [           main] com.zaxxer.hikari.HikariDataSource       : HikariPool-1 - Start completed.
2025-12-25T01:37:59.773+05:30  WARN 72201 --- [car-service] [           main] org.hibernate.orm.deprecation            : HHH90000025: PostgreSQLDialect does not need to be specified explicitly using 'hibernate.dialect' (remove the property setting and it will be selected by default)
2025-12-25T01:38:00.122+05:30  INFO 72201 --- [car-service] [           main] o.h.e.t.j.p.i.JtaPlatformInitiator       : HHH000489: No JTA platform available (set 'hibernate.transaction.jta.platform' to enable JTA platform integration)
2025-12-25T01:38:00.145+05:30  INFO 72201 --- [car-service] [           main] j.LocalContainerEntityManagerFactoryBean : Initialized JPA EntityManagerFactory for persistence unit 'default'
2025-12-25T01:38:00.280+05:30  WARN 72201 --- [car-service] [           main] JpaBaseConfiguration$JpaWebConfiguration : spring.jpa.open-in-view is enabled by default. Therefore, database queries may be performed during view rendering. Explicitly configure spring.jpa.open-in-view to disable this warning
2025-12-25T01:38:00.396+05:30  WARN 72201 --- [car-service] [           main] ConfigServletWebServerApplicationContext : Exception encountered during context initialization - cancelling refresh attempt: org.springframework.context.ApplicationContextException: Failed to start bean 'webServerStartStop'
2025-12-25T01:38:00.397+05:30  INFO 72201 --- [car-service] [           main] j.LocalContainerEntityManagerFactoryBean : Closing JPA EntityManagerFactory for persistence unit 'default'
2025-12-25T01:38:00.397+05:30  INFO 72201 --- [car-service] [           main] com.zaxxer.hikari.HikariDataSource       : HikariPool-1 - Shutdown initiated...
2025-12-25T01:38:00.398+05:30  INFO 72201 --- [car-service] [           main] com.zaxxer.hikari.HikariDataSource       : HikariPool-1 - Shutdown completed.
2025-12-25T01:38:00.403+05:30  INFO 72201 --- [car-service] [           main] .s.b.a.l.ConditionEvaluationReportLogger : 

Error starting ApplicationContext. To display the condition evaluation report re-run your application with 'debug' enabled.
2025-12-25T01:38:00.407+05:30 ERROR 72201 --- [car-service] [           main] o.s.b.d.LoggingFailureAnalysisReporter   : 

***************************
APPLICATION FAILED TO START
***************************

Description:

Web server failed to start. Port 8083 was already in use.

Action:

Identify and stop the process that's listening on port 8083 or configure this application to listen on another port.

[INFO] ------------------------------------------------------------------------
[INFO] BUILD FAILURE
[INFO] ------------------------------------------------------------------------
[INFO] Total time:  3.229 s
[INFO] Finished at: 2025-12-25T01:38:00+05:30
[INFO] ------------------------------------------------------------------------
[ERROR] Failed to execute goal org.springframework.boot:spring-boot-maven-plugin:3.3.4:run (default-cli) on project car-service: Process terminated with exit code: 1 -> [Help 1]
[ERROR] 
[ERROR] To see the full stack trace of the errors, re-run Maven with the -e switch.
[ERROR] Re-run Maven using the -X switch to enable full debug logging.
[ERROR] 
[ERROR] For more information about the errors and possible solutions, please read the following articles:
[ERROR] [Help 1] http://cwiki.apache.org/confluence/display/MAVEN/MojoExecutionException
