[INFO] Scanning for projects...
[INFO] 
[INFO] ----------------------< com.rtt:payment-service >-----------------------
[INFO] Building payment-service 1.0.0-SNAPSHOT
[INFO]   from pom.xml
[INFO] --------------------------------[ jar ]---------------------------------
[INFO] 
[INFO] >>> spring-boot:3.3.4:run (default-cli) > test-compile @ payment-service >>>
[INFO] 
[INFO] --- resources:3.3.1:resources (default-resources) @ payment-service ---
[WARNING] Using platform encoding (UTF-8 actually) to copy filtered resources, i.e. build is platform dependent!
[INFO] Copying 1 resource from src/main/resources to target/classes
[INFO] 
[INFO] --- compiler:3.13.0:compile (default-compile) @ payment-service ---
[INFO] Nothing to compile - all classes are up to date.
[INFO] 
[INFO] --- resources:3.3.1:testResources (default-testResources) @ payment-service ---
[WARNING] Using platform encoding (UTF-8 actually) to copy filtered resources, i.e. build is platform dependent!
[INFO] skip non existing resourceDirectory /Users/raghavjha/Desktop/PROJECT/car-booking-backend/payment-service/src/test/resources
[INFO] 
[INFO] --- compiler:3.13.0:testCompile (default-testCompile) @ payment-service ---
[INFO] No sources to compile
[INFO] 
[INFO] <<< spring-boot:3.3.4:run (default-cli) < test-compile @ payment-service <<<
[INFO] 
[INFO] 
[INFO] --- spring-boot:3.3.4:run (default-cli) @ payment-service ---
[INFO] Attaching agents: []

  .   ____          _            __ _ _
 /\\ / ___'_ __ _ _(_)_ __  __ _ \ \ \ \
( ( )\___ | '_ | '_| | '_ \/ _` | \ \ \ \
 \\/  ___)| |_)| | | | | || (_| |  ) ) ) )
  '  |____| .__|_| |_|_| |_\__, | / / / /
 =========|_|==============|___/=/_/_/_/

 :: Spring Boot ::                (v3.3.4)

2025-12-05T00:24:57.197+05:30  INFO 36515 --- [payment-service] [           main] c.r.l.payment.PaymentApplication         : Starting PaymentApplication using Java 17.0.17 with PID 36515 (/Users/raghavjha/Desktop/PROJECT/car-booking-backend/payment-service/target/classes started by raghavjha in /Users/raghavjha/Desktop/PROJECT/car-booking-backend/payment-service)
2025-12-05T00:24:57.202+05:30 DEBUG 36515 --- [payment-service] [           main] c.r.l.payment.PaymentApplication         : Running with Spring Boot v3.3.4, Spring v6.1.13
2025-12-05T00:24:57.202+05:30  INFO 36515 --- [payment-service] [           main] c.r.l.payment.PaymentApplication         : The following 1 profile is active: "local"
2025-12-05T00:24:57.639+05:30  INFO 36515 --- [payment-service] [           main] .s.d.r.c.RepositoryConfigurationDelegate : Bootstrapping Spring Data JPA repositories in DEFAULT mode.
2025-12-05T00:24:57.671+05:30  INFO 36515 --- [payment-service] [           main] .s.d.r.c.RepositoryConfigurationDelegate : Finished Spring Data repository scanning in 21 ms. Found 3 JPA repository interfaces.
2025-12-05T00:24:57.908+05:30  INFO 36515 --- [payment-service] [           main] o.s.b.w.embedded.tomcat.TomcatWebServer  : Tomcat initialized with port 8085 (http)
2025-12-05T00:24:57.915+05:30  INFO 36515 --- [payment-service] [           main] o.apache.catalina.core.StandardService   : Starting service [Tomcat]
2025-12-05T00:24:57.915+05:30  INFO 36515 --- [payment-service] [           main] o.apache.catalina.core.StandardEngine    : Starting Servlet engine: [Apache Tomcat/10.1.30]
2025-12-05T00:24:57.944+05:30  INFO 36515 --- [payment-service] [           main] o.a.c.c.C.[Tomcat].[localhost].[/]       : Initializing Spring embedded WebApplicationContext
2025-12-05T00:24:57.944+05:30  INFO 36515 --- [payment-service] [           main] w.s.c.ServletWebServerApplicationContext : Root WebApplicationContext: initialization completed in 706 ms
2025-12-05T00:24:58.015+05:30  INFO 36515 --- [payment-service] [           main] o.hibernate.jpa.internal.util.LogHelper  : HHH000204: Processing PersistenceUnitInfo [name: default]
2025-12-05T00:24:58.042+05:30  INFO 36515 --- [payment-service] [           main] org.hibernate.Version                    : HHH000412: Hibernate ORM core version 6.5.3.Final
2025-12-05T00:24:58.056+05:30  INFO 36515 --- [payment-service] [           main] o.h.c.internal.RegionFactoryInitiator    : HHH000026: Second-level cache disabled
2025-12-05T00:24:58.164+05:30  INFO 36515 --- [payment-service] [           main] o.s.o.j.p.SpringPersistenceUnitInfo      : No LoadTimeWeaver setup: ignoring JPA class transformer
2025-12-05T00:24:58.173+05:30  INFO 36515 --- [payment-service] [           main] com.zaxxer.hikari.HikariDataSource       : HikariPool-1 - Starting...
2025-12-05T00:24:58.230+05:30  INFO 36515 --- [payment-service] [           main] com.zaxxer.hikari.pool.HikariPool        : HikariPool-1 - Added connection org.postgresql.jdbc.PgConnection@29dcdd1c
2025-12-05T00:24:58.231+05:30  INFO 36515 --- [payment-service] [           main] com.zaxxer.hikari.HikariDataSource       : HikariPool-1 - Start completed.
2025-12-05T00:24:58.248+05:30  WARN 36515 --- [payment-service] [           main] org.hibernate.orm.deprecation            : HHH90000025: PostgreSQLDialect does not need to be specified explicitly using 'hibernate.dialect' (remove the property setting and it will be selected by default)
2025-12-05T00:24:59.025+05:30  INFO 36515 --- [payment-service] [           main] o.h.e.t.j.p.i.JtaPlatformInitiator       : HHH000489: No JTA platform available (set 'hibernate.transaction.jta.platform' to enable JTA platform integration)
2025-12-05T00:24:59.163+05:30  INFO 36515 --- [payment-service] [           main] j.LocalContainerEntityManagerFactoryBean : Initialized JPA EntityManagerFactory for persistence unit 'default'
2025-12-05T00:24:59.426+05:30  WARN 36515 --- [payment-service] [           main] JpaBaseConfiguration$JpaWebConfiguration : spring.jpa.open-in-view is enabled by default. Therefore, database queries may be performed during view rendering. Explicitly configure spring.jpa.open-in-view to disable this warning
2025-12-05T00:24:59.649+05:30  INFO 36515 --- [payment-service] [           main] o.s.b.w.embedded.tomcat.TomcatWebServer  : Tomcat started on port 8085 (http) with context path '/'
2025-12-05T00:24:59.653+05:30  INFO 36515 --- [payment-service] [           main] c.r.l.payment.PaymentApplication         : Started PaymentApplication in 2.706 seconds (process running for 2.863)
2025-12-05T00:25:32.052+05:30  INFO 36515 --- [payment-service] [ionShutdownHook] j.LocalContainerEntityManagerFactoryBean : Closing JPA EntityManagerFactory for persistence unit 'default'
2025-12-05T00:25:32.055+05:30  INFO 36515 --- [payment-service] [ionShutdownHook] com.zaxxer.hikari.HikariDataSource       : HikariPool-1 - Shutdown initiated...
2025-12-05T00:25:32.057+05:30  INFO 36515 --- [payment-service] [ionShutdownHook] com.zaxxer.hikari.HikariDataSource       : HikariPool-1 - Shutdown completed.
