[INFO] Scanning for projects...
[INFO] 
[INFO] ----------------------< com.rtt:support-service >-----------------------
[INFO] Building support-service 1.0.0-SNAPSHOT
[INFO]   from pom.xml
[INFO] --------------------------------[ jar ]---------------------------------
[INFO] 
[INFO] >>> spring-boot:3.3.4:run (default-cli) > test-compile @ support-service >>>
[INFO] 
[INFO] --- resources:3.3.1:resources (default-resources) @ support-service ---
[WARNING] Using platform encoding (UTF-8 actually) to copy filtered resources, i.e. build is platform dependent!
[INFO] Copying 1 resource from src/main/resources to target/classes
[INFO] 
[INFO] --- compiler:3.13.0:compile (default-compile) @ support-service ---
[INFO] Nothing to compile - all classes are up to date.
[INFO] 
[INFO] --- resources:3.3.1:testResources (default-testResources) @ support-service ---
[WARNING] Using platform encoding (UTF-8 actually) to copy filtered resources, i.e. build is platform dependent!
[INFO] skip non existing resourceDirectory /Users/raghavjha/Desktop/PROJECT/car-booking-backend/support-service/src/test/resources
[INFO] 
[INFO] --- compiler:3.13.0:testCompile (default-testCompile) @ support-service ---
[INFO] No sources to compile
[INFO] 
[INFO] <<< spring-boot:3.3.4:run (default-cli) < test-compile @ support-service <<<
[INFO] 
[INFO] 
[INFO] --- spring-boot:3.3.4:run (default-cli) @ support-service ---
[INFO] Attaching agents: []

  .   ____          _            __ _ _
 /\\ / ___'_ __ _ _(_)_ __  __ _ \ \ \ \
( ( )\___ | '_ | '_| | '_ \/ _` | \ \ \ \
 \\/  ___)| |_)| | | | | || (_| |  ) ) ) )
  '  |____| .__|_| |_|_| |_\__, | / / / /
 =========|_|==============|___/=/_/_/_/

 :: Spring Boot ::                (v3.3.4)

2025-12-05T00:24:57.030+05:30  INFO 36513 --- [support-service] [           main] c.r.l.support.SupportApplication         : Starting SupportApplication using Java 17.0.17 with PID 36513 (/Users/raghavjha/Desktop/PROJECT/car-booking-backend/support-service/target/classes started by raghavjha in /Users/raghavjha/Desktop/PROJECT/car-booking-backend/support-service)
2025-12-05T00:24:57.033+05:30 DEBUG 36513 --- [support-service] [           main] c.r.l.support.SupportApplication         : Running with Spring Boot v3.3.4, Spring v6.1.13
2025-12-05T00:24:57.034+05:30  INFO 36513 --- [support-service] [           main] c.r.l.support.SupportApplication         : The following 1 profile is active: "local"
2025-12-05T00:24:57.445+05:30  INFO 36513 --- [support-service] [           main] .s.d.r.c.RepositoryConfigurationDelegate : Bootstrapping Spring Data JPA repositories in DEFAULT mode.
2025-12-05T00:24:57.460+05:30  INFO 36513 --- [support-service] [           main] .s.d.r.c.RepositoryConfigurationDelegate : Finished Spring Data repository scanning in 12 ms. Found 0 JPA repository interfaces.
2025-12-05T00:24:57.732+05:30  INFO 36513 --- [support-service] [           main] o.s.b.w.embedded.tomcat.TomcatWebServer  : Tomcat initialized with port 8086 (http)
2025-12-05T00:24:57.740+05:30  INFO 36513 --- [support-service] [           main] o.apache.catalina.core.StandardService   : Starting service [Tomcat]
2025-12-05T00:24:57.741+05:30  INFO 36513 --- [support-service] [           main] o.apache.catalina.core.StandardEngine    : Starting Servlet engine: [Apache Tomcat/10.1.30]
2025-12-05T00:24:57.769+05:30  INFO 36513 --- [support-service] [           main] o.a.c.c.C.[Tomcat].[localhost].[/]       : Initializing Spring embedded WebApplicationContext
2025-12-05T00:24:57.770+05:30  INFO 36513 --- [support-service] [           main] w.s.c.ServletWebServerApplicationContext : Root WebApplicationContext: initialization completed in 714 ms
2025-12-05T00:24:57.852+05:30  INFO 36513 --- [support-service] [           main] o.hibernate.jpa.internal.util.LogHelper  : HHH000204: Processing PersistenceUnitInfo [name: default]
2025-12-05T00:24:57.869+05:30  INFO 36513 --- [support-service] [           main] org.hibernate.Version                    : HHH000412: Hibernate ORM core version 6.5.3.Final
2025-12-05T00:24:57.881+05:30  INFO 36513 --- [support-service] [           main] o.h.c.internal.RegionFactoryInitiator    : HHH000026: Second-level cache disabled
2025-12-05T00:24:57.996+05:30  INFO 36513 --- [support-service] [           main] o.s.o.j.p.SpringPersistenceUnitInfo      : No LoadTimeWeaver setup: ignoring JPA class transformer
2025-12-05T00:24:58.007+05:30  INFO 36513 --- [support-service] [           main] com.zaxxer.hikari.HikariDataSource       : HikariPool-1 - Starting...
2025-12-05T00:24:58.071+05:30  INFO 36513 --- [support-service] [           main] com.zaxxer.hikari.pool.HikariPool        : HikariPool-1 - Added connection org.postgresql.jdbc.PgConnection@15a8cebd
2025-12-05T00:24:58.071+05:30  INFO 36513 --- [support-service] [           main] com.zaxxer.hikari.HikariDataSource       : HikariPool-1 - Start completed.
2025-12-05T00:24:58.084+05:30  WARN 36513 --- [support-service] [           main] org.hibernate.orm.deprecation            : HHH90000025: PostgreSQLDialect does not need to be specified explicitly using 'hibernate.dialect' (remove the property setting and it will be selected by default)
2025-12-05T00:24:58.239+05:30  INFO 36513 --- [support-service] [           main] o.h.e.t.j.p.i.JtaPlatformInitiator       : HHH000489: No JTA platform available (set 'hibernate.transaction.jta.platform' to enable JTA platform integration)
2025-12-05T00:24:58.241+05:30  INFO 36513 --- [support-service] [           main] j.LocalContainerEntityManagerFactoryBean : Initialized JPA EntityManagerFactory for persistence unit 'default'
2025-12-05T00:24:58.261+05:30  WARN 36513 --- [support-service] [           main] JpaBaseConfiguration$JpaWebConfiguration : spring.jpa.open-in-view is enabled by default. Therefore, database queries may be performed during view rendering. Explicitly configure spring.jpa.open-in-view to disable this warning
2025-12-05T00:24:58.553+05:30  INFO 36513 --- [support-service] [           main] o.s.b.w.embedded.tomcat.TomcatWebServer  : Tomcat started on port 8086 (http) with context path '/'
2025-12-05T00:24:58.561+05:30  INFO 36513 --- [support-service] [           main] c.r.l.support.SupportApplication         : Started SupportApplication in 1.823 seconds (process running for 1.992)
2025-12-05T00:25:32.063+05:30  INFO 36513 --- [support-service] [ionShutdownHook] j.LocalContainerEntityManagerFactoryBean : Closing JPA EntityManagerFactory for persistence unit 'default'
2025-12-05T00:25:32.066+05:30  INFO 36513 --- [support-service] [ionShutdownHook] com.zaxxer.hikari.HikariDataSource       : HikariPool-1 - Shutdown initiated...
2025-12-05T00:25:32.068+05:30  INFO 36513 --- [support-service] [ionShutdownHook] com.zaxxer.hikari.HikariDataSource       : HikariPool-1 - Shutdown completed.
