[INFO] Scanning for projects...
[INFO] 
[INFO] ------------------------< com.rtt:user-service >------------------------
[INFO] Building user-service 1.0.0-SNAPSHOT
[INFO]   from pom.xml
[INFO] --------------------------------[ jar ]---------------------------------
[INFO] 
[INFO] >>> spring-boot:3.3.4:run (default-cli) > test-compile @ user-service >>>
[INFO] 
[INFO] --- resources:3.3.1:resources (default-resources) @ user-service ---
[WARNING] Using platform encoding (UTF-8 actually) to copy filtered resources, i.e. build is platform dependent!
[INFO] Copying 1 resource from src/main/resources to target/classes
[INFO] 
[INFO] --- compiler:3.13.0:compile (default-compile) @ user-service ---
[INFO] Nothing to compile - all classes are up to date.
[INFO] 
[INFO] --- resources:3.3.1:testResources (default-testResources) @ user-service ---
[WARNING] Using platform encoding (UTF-8 actually) to copy filtered resources, i.e. build is platform dependent!
[INFO] skip non existing resourceDirectory /Users/raghavjha/Desktop/PROJECT/car-booking-backend/user-service/src/test/resources
[INFO] 
[INFO] --- compiler:3.13.0:testCompile (default-testCompile) @ user-service ---
[INFO] No sources to compile
[INFO] 
[INFO] <<< spring-boot:3.3.4:run (default-cli) < test-compile @ user-service <<<
[INFO] 
[INFO] 
[INFO] --- spring-boot:3.3.4:run (default-cli) @ user-service ---
[INFO] Attaching agents: []

  .   ____          _            __ _ _
 /\\ / ___'_ __ _ _(_)_ __  __ _ \ \ \ \
( ( )\___ | '_ | '_| | '_ \/ _` | \ \ \ \
 \\/  ___)| |_)| | | | | || (_| |  ) ) ) )
  '  |____| .__|_| |_|_| |_\__, | / / / /
 =========|_|==============|___/=/_/_/_/

 :: Spring Boot ::                (v3.3.4)

2025-12-05T00:24:55.985+05:30  INFO 36507 --- [user-service] [           main] com.rtt.luxurycar.user.UserApplication   : Starting UserApplication using Java 17.0.17 with PID 36507 (/Users/raghavjha/Desktop/PROJECT/car-booking-backend/user-service/target/classes started by raghavjha in /Users/raghavjha/Desktop/PROJECT/car-booking-backend/user-service)
2025-12-05T00:24:55.986+05:30 DEBUG 36507 --- [user-service] [           main] com.rtt.luxurycar.user.UserApplication   : Running with Spring Boot v3.3.4, Spring v6.1.13
2025-12-05T00:24:55.987+05:30  INFO 36507 --- [user-service] [           main] com.rtt.luxurycar.user.UserApplication   : The following 1 profile is active: "local"
2025-12-05T00:24:56.677+05:30  INFO 36507 --- [user-service] [           main] .s.d.r.c.RepositoryConfigurationDelegate : Bootstrapping Spring Data JPA repositories in DEFAULT mode.
2025-12-05T00:24:56.710+05:30  INFO 36507 --- [user-service] [           main] .s.d.r.c.RepositoryConfigurationDelegate : Finished Spring Data repository scanning in 28 ms. Found 2 JPA repository interfaces.
2025-12-05T00:24:57.101+05:30  INFO 36507 --- [user-service] [           main] o.s.b.w.embedded.tomcat.TomcatWebServer  : Tomcat initialized with port 8082 (http)
2025-12-05T00:24:57.109+05:30  INFO 36507 --- [user-service] [           main] o.apache.catalina.core.StandardService   : Starting service [Tomcat]
2025-12-05T00:24:57.109+05:30  INFO 36507 --- [user-service] [           main] o.apache.catalina.core.StandardEngine    : Starting Servlet engine: [Apache Tomcat/10.1.30]
2025-12-05T00:24:57.143+05:30  INFO 36507 --- [user-service] [           main] o.a.c.c.C.[Tomcat].[localhost].[/]       : Initializing Spring embedded WebApplicationContext
2025-12-05T00:24:57.143+05:30  INFO 36507 --- [user-service] [           main] w.s.c.ServletWebServerApplicationContext : Root WebApplicationContext: initialization completed in 1097 ms
2025-12-05T00:24:57.257+05:30  INFO 36507 --- [user-service] [           main] o.hibernate.jpa.internal.util.LogHelper  : HHH000204: Processing PersistenceUnitInfo [name: default]
2025-12-05T00:24:57.273+05:30  INFO 36507 --- [user-service] [           main] org.hibernate.Version                    : HHH000412: Hibernate ORM core version 6.5.3.Final
2025-12-05T00:24:57.286+05:30  INFO 36507 --- [user-service] [           main] o.h.c.internal.RegionFactoryInitiator    : HHH000026: Second-level cache disabled
2025-12-05T00:24:57.456+05:30  INFO 36507 --- [user-service] [           main] o.s.o.j.p.SpringPersistenceUnitInfo      : No LoadTimeWeaver setup: ignoring JPA class transformer
2025-12-05T00:24:57.472+05:30  INFO 36507 --- [user-service] [           main] com.zaxxer.hikari.HikariDataSource       : HikariPool-1 - Starting...
2025-12-05T00:24:57.568+05:30  INFO 36507 --- [user-service] [           main] com.zaxxer.hikari.pool.HikariPool        : HikariPool-1 - Added connection org.postgresql.jdbc.PgConnection@1e191150
2025-12-05T00:24:57.574+05:30  INFO 36507 --- [user-service] [           main] com.zaxxer.hikari.HikariDataSource       : HikariPool-1 - Start completed.
2025-12-05T00:24:57.591+05:30  WARN 36507 --- [user-service] [           main] org.hibernate.orm.deprecation            : HHH90000025: PostgreSQLDialect does not need to be specified explicitly using 'hibernate.dialect' (remove the property setting and it will be selected by default)
2025-12-05T00:24:57.969+05:30  INFO 36507 --- [user-service] [           main] o.h.e.t.j.p.i.JtaPlatformInitiator       : HHH000489: No JTA platform available (set 'hibernate.transaction.jta.platform' to enable JTA platform integration)
2025-12-05T00:24:58.070+05:30  INFO 36507 --- [user-service] [           main] j.LocalContainerEntityManagerFactoryBean : Initialized JPA EntityManagerFactory for persistence unit 'default'
2025-12-05T00:24:58.281+05:30  WARN 36507 --- [user-service] [           main] JpaBaseConfiguration$JpaWebConfiguration : spring.jpa.open-in-view is enabled by default. Therefore, database queries may be performed during view rendering. Explicitly configure spring.jpa.open-in-view to disable this warning
2025-12-05T00:24:58.457+05:30  INFO 36507 --- [user-service] [           main] o.s.b.w.embedded.tomcat.TomcatWebServer  : Tomcat started on port 8082 (http) with context path '/'
2025-12-05T00:24:58.466+05:30  INFO 36507 --- [user-service] [           main] com.rtt.luxurycar.user.UserApplication   : Started UserApplication in 2.763 seconds (process running for 2.89)
2025-12-05T00:25:32.045+05:30  INFO 36507 --- [user-service] [ionShutdownHook] j.LocalContainerEntityManagerFactoryBean : Closing JPA EntityManagerFactory for persistence unit 'default'
2025-12-05T00:25:32.049+05:30  INFO 36507 --- [user-service] [ionShutdownHook] com.zaxxer.hikari.HikariDataSource       : HikariPool-1 - Shutdown initiated...
2025-12-05T00:25:32.052+05:30  INFO 36507 --- [user-service] [ionShutdownHook] com.zaxxer.hikari.HikariDataSource       : HikariPool-1 - Shutdown completed.
